  Determining projects to restore...
  All projects are up-to-date for restore.
C:\Program Files\dotnet\sdk\9.0.308\Microsoft.Common.CurrentVersion.targets(4916,5): warning MSB3026: Could not copy "obj\Debug\net8.0\SafePoint IRS.dll" to "bin\Debug\net8.0\SafePoint IRS.dll". Beginning retry 1 in 1000ms. The process cannot access the file 'C:\Users\azuce\OneDrive\Documents\Visual Studio 2022\Code Snippets\Visual C#\My Code Snippets\SafePoint IRS\SafePoint IRS\bin\Debug\net8.0\SafePoint IRS.dll' because it is being used by another process. The file is locked by: "Microsoft Visual Studio 2022 (24360), IIS Express Worker Process (4732)" [C:\Users\azuce\OneDrive\Documents\Visual Studio 2022\Code Snippets\Visual C#\My Code Snippets\SafePoint IRS\SafePoint IRS\SafePoint IRS.csproj]
C:\Program Files\dotnet\sdk\9.0.308\Microsoft.Common.CurrentVersion.targets(4916,5): warning MSB3026: Could not copy "obj\Debug\net8.0\SafePoint IRS.dll" to "bin\Debug\net8.0\SafePoint IRS.dll". Beginning retry 2 in 1000ms. The process cannot access the file 'C:\Users\azuce\OneDrive\Documents\Visual Studio 2022\Code Snippets\Visual C#\My Code Snippets\SafePoint IRS\SafePoint IRS\bin\Debug\net8.0\SafePoint IRS.dll' because it is being used by another process. The file is locked by: "Microsoft Visual Studio 2022 (24360), IIS Express Worker Process (4732)" [C:\Users\azuce\OneDrive\Documents\Visual Studio 2022\Code Snippets\Visual C#\My Code Snippets\SafePoint IRS\SafePoint IRS\SafePoint IRS.csproj]
C:\Program Files\dotnet\sdk\9.0.308\Microsoft.Common.CurrentVersion.targets(4916,5): warning MSB3026: Could not copy "obj\Debug\net8.0\SafePoint IRS.dll" to "bin\Debug\net8.0\SafePoint IRS.dll". Beginning retry 3 in 1000ms. The process cannot access the file 'C:\Users\azuce\OneDrive\Documents\Visual Studio 2022\Code Snippets\Visual C#\My Code Snippets\SafePoint IRS\SafePoint IRS\bin\Debug\net8.0\SafePoint IRS.dll' because it is being used by another process. The file is locked by: "Microsoft Visual Studio 2022 (24360), IIS Express Worker Process (4732)" [C:\Users\azuce\OneDrive\Documents\Visual Studio 2022\Code Snippets\Visual C#\My Code Snippets\SafePoint IRS\SafePoint IRS\SafePoint IRS.csproj]
C:\Program Files\dotnet\sdk\9.0.308\Microsoft.Common.CurrentVersion.targets(4916,5): warning MSB3026: Could not copy "obj\Debug\net8.0\SafePoint IRS.dll" to "bin\Debug\net8.0\SafePoint IRS.dll". Beginning retry 4 in 1000ms. The process cannot access the file 'C:\Users\azuce\OneDrive\Documents\Visual Studio 2022\Code Snippets\Visual C#\My Code Snippets\SafePoint IRS\SafePoint IRS\bin\Debug\net8.0\SafePoint IRS.dll' because it is being used by another process. The file is locked by: "Microsoft Visual Studio 2022 (24360), IIS Express Worker Process (4732)" [C:\Users\azuce\OneDrive\Documents\Visual Studio 2022\Code Snippets\Visual C#\My Code Snippets\SafePoint IRS\SafePoint IRS\SafePoint IRS.csproj]
C:\Program Files\dotnet\sdk\9.0.308\Microsoft.Common.CurrentVersion.targets(4916,5): warning MSB3026: Could not copy "obj\Debug\net8.0\SafePoint IRS.dll" to "bin\Debug\net8.0\SafePoint IRS.dll". Beginning retry 5 in 1000ms. The process cannot access the file 'C:\Users\azuce\OneDrive\Documents\Visual Studio 2022\Code Snippets\Visual C#\My Code Snippets\SafePoint IRS\SafePoint IRS\bin\Debug\net8.0\SafePoint IRS.dll' because it is being used by another process. The file is locked by: "Microsoft Visual Studio 2022 (24360), IIS Express Worker Process (4732)" [C:\Users\azuce\OneDrive\Documents\Visual Studio 2022\Code Snippets\Visual C#\My Code Snippets\SafePoint IRS\SafePoint IRS\SafePoint IRS.csproj]
C:\Program Files\dotnet\sdk\9.0.308\Microsoft.Common.CurrentVersion.targets(4916,5): warning MSB3026: Could not copy "obj\Debug\net8.0\SafePoint IRS.dll" to "bin\Debug\net8.0\SafePoint IRS.dll". Beginning retry 6 in 1000ms. The process cannot access the file 'C:\Users\azuce\OneDrive\Documents\Visual Studio 2022\Code Snippets\Visual C#\My Code Snippets\SafePoint IRS\SafePoint IRS\bin\Debug\net8.0\SafePoint IRS.dll' because it is being used by another process. The file is locked by: "Microsoft Visual Studio 2022 (24360), IIS Express Worker Process (4732)" [C:\Users\azuce\OneDrive\Documents\Visual Studio 2022\Code Snippets\Visual C#\My Code Snippets\SafePoint IRS\SafePoint IRS\SafePoint IRS.csproj]
C:\Program Files\dotnet\sdk\9.0.308\Microsoft.Common.CurrentVersion.targets(4916,5): warning MSB3026: Could not copy "obj\Debug\net8.0\SafePoint IRS.dll" to "bin\Debug\net8.0\SafePoint IRS.dll". Beginning retry 7 in 1000ms. The process cannot access the file 'C:\Users\azuce\OneDrive\Documents\Visual Studio 2022\Code Snippets\Visual C#\My Code Snippets\SafePoint IRS\SafePoint IRS\bin\Debug\net8.0\SafePoint IRS.dll' because it is being used by another process. The file is locked by: "Microsoft Visual Studio 2022 (24360), IIS Express Worker Process (4732)" [C:\Users\azuce\OneDrive\Documents\Visual Studio 2022\Code Snippets\Visual C#\My Code Snippets\SafePoint IRS\SafePoint IRS\SafePoint IRS.csproj]
C:\Program Files\dotnet\sdk\9.0.308\Microsoft.Common.CurrentVersion.targets(4916,5): warning MSB3026: Could not copy "obj\Debug\net8.0\SafePoint IRS.dll" to "bin\Debug\net8.0\SafePoint IRS.dll". Beginning retry 8 in 1000ms. The process cannot access the file 'C:\Users\azuce\OneDrive\Documents\Visual Studio 2022\Code Snippets\Visual C#\My Code Snippets\SafePoint IRS\SafePoint IRS\bin\Debug\net8.0\SafePoint IRS.dll' because it is being used by another process. The file is locked by: "Microsoft Visual Studio 2022 (24360), IIS Express Worker Process (4732)" [C:\Users\azuce\OneDrive\Documents\Visual Studio 2022\Code Snippets\Visual C#\My Code Snippets\SafePoint IRS\SafePoint IRS\SafePoint IRS.csproj]
C:\Program Files\dotnet\sdk\9.0.308\Microsoft.Common.CurrentVersion.targets(4916,5): warning MSB3026: Could not copy "obj\Debug\net8.0\SafePoint IRS.dll" to "bin\Debug\net8.0\SafePoint IRS.dll". Beginning retry 9 in 1000ms. The process cannot access the file 'C:\Users\azuce\OneDrive\Documents\Visual Studio 2022\Code Snippets\Visual C#\My Code Snippets\SafePoint IRS\SafePoint IRS\bin\Debug\net8.0\SafePoint IRS.dll' because it is being used by another process. The file is locked by: "Microsoft Visual Studio 2022 (24360), IIS Express Worker Process (4732)" [C:\Users\azuce\OneDrive\Documents\Visual Studio 2022\Code Snippets\Visual C#\My Code Snippets\SafePoint IRS\SafePoint IRS\SafePoint IRS.csproj]
C:\Program Files\dotnet\sdk\9.0.308\Microsoft.Common.CurrentVersion.targets(4916,5): warning MSB3026: Could not copy "obj\Debug\net8.0\SafePoint IRS.dll" to "bin\Debug\net8.0\SafePoint IRS.dll". Beginning retry 10 in 1000ms. The process cannot access the file 'C:\Users\azuce\OneDrive\Documents\Visual Studio 2022\Code Snippets\Visual C#\My Code Snippets\SafePoint IRS\SafePoint IRS\bin\Debug\net8.0\SafePoint IRS.dll' because it is being used by another process. The file is locked by: "Microsoft Visual Studio 2022 (24360), IIS Express Worker Process (4732)" [C:\Users\azuce\OneDrive\Documents\Visual Studio 2022\Code Snippets\Visual C#\My Code Snippets\SafePoint IRS\SafePoint IRS\SafePoint IRS.csproj]
C:\Program Files\dotnet\sdk\9.0.308\Microsoft.Common.CurrentVersion.targets(4916,5): error MSB3027: Could not copy "obj\Debug\net8.0\SafePoint IRS.dll" to "bin\Debug\net8.0\SafePoint IRS.dll". Exceeded retry count of 10. Failed. The file is locked by: "Microsoft Visual Studio 2022 (24360), IIS Express Worker Process (4732)" [C:\Users\azuce\OneDrive\Documents\Visual Studio 2022\Code Snippets\Visual C#\My Code Snippets\SafePoint IRS\SafePoint IRS\SafePoint IRS.csproj]
C:\Program Files\dotnet\sdk\9.0.308\Microsoft.Common.CurrentVersion.targets(4916,5): error MSB3021: Unable to copy file "obj\Debug\net8.0\SafePoint IRS.dll" to "bin\Debug\net8.0\SafePoint IRS.dll". The process cannot access the file 'C:\Users\azuce\OneDrive\Documents\Visual Studio 2022\Code Snippets\Visual C#\My Code Snippets\SafePoint IRS\SafePoint IRS\bin\Debug\net8.0\SafePoint IRS.dll' because it is being used by another process. [C:\Users\azuce\OneDrive\Documents\Visual Studio 2022\Code Snippets\Visual C#\My Code Snippets\SafePoint IRS\SafePoint IRS\SafePoint IRS.csproj]

Build FAILED.

C:\Program Files\dotnet\sdk\9.0.308\Microsoft.Common.CurrentVersion.targets(4916,5): warning MSB3026: Could not copy "obj\Debug\net8.0\SafePoint IRS.dll" to "bin\Debug\net8.0\SafePoint IRS.dll". Beginning retry 1 in 1000ms. The process cannot access the file 'C:\Users\azuce\OneDrive\Documents\Visual Studio 2022\Code Snippets\Visual C#\My Code Snippets\SafePoint IRS\SafePoint IRS\bin\Debug\net8.0\SafePoint IRS.dll' because it is being used by another process. The file is locked by: "Microsoft Visual Studio 2022 (24360), IIS Express Worker Process (4732)" [C:\Users\azuce\OneDrive\Documents\Visual Studio 2022\Code Snippets\Visual C#\My Code Snippets\SafePoint IRS\SafePoint IRS\SafePoint IRS.csproj]
C:\Program Files\dotnet\sdk\9.0.308\Microsoft.Common.CurrentVersion.targets(4916,5): warning MSB3026: Could not copy "obj\Debug\net8.0\SafePoint IRS.dll" to "bin\Debug\net8.0\SafePoint IRS.dll". Beginning retry 2 in 1000ms. The process cannot access the file 'C:\Users\azuce\OneDrive\Documents\Visual Studio 2022\Code Snippets\Visual C#\My Code Snippets\SafePoint IRS\SafePoint IRS\bin\Debug\net8.0\SafePoint IRS.dll' because it is being used by another process. The file is locked by: "Microsoft Visual Studio 2022 (24360), IIS Express Worker Process (4732)" [C:\Users\azuce\OneDrive\Documents\Visual Studio 2022\Code Snippets\Visual C#\My Code Snippets\SafePoint IRS\SafePoint IRS\SafePoint IRS.csproj]
C:\Program Files\dotnet\sdk\9.0.308\Microsoft.Common.CurrentVersion.targets(4916,5): warning MSB3026: Could not copy "obj\Debug\net8.0\SafePoint IRS.dll" to "bin\Debug\net8.0\SafePoint IRS.dll". Beginning retry 3 in 1000ms. The process cannot access the file 'C:\Users\azuce\OneDrive\Documents\Visual Studio 2022\Code Snippets\Visual C#\My Code Snippets\SafePoint IRS\SafePoint IRS\bin\Debug\net8.0\SafePoint IRS.dll' because it is being used by another process. The file is locked by: "Microsoft Visual Studio 2022 (24360), IIS Express Worker Process (4732)" [C:\Users\azuce\OneDrive\Documents\Visual Studio 2022\Code Snippets\Visual C#\My Code Snippets\SafePoint IRS\SafePoint IRS\SafePoint IRS.csproj]
C:\Program Files\dotnet\sdk\9.0.308\Microsoft.Common.CurrentVersion.targets(4916,5): warning MSB3026: Could not copy "obj\Debug\net8.0\SafePoint IRS.dll" to "bin\Debug\net8.0\SafePoint IRS.dll". Beginning retry 4 in 1000ms. The process cannot access the file 'C:\Users\azuce\OneDrive\Documents\Visual Studio 2022\Code Snippets\Visual C#\My Code Snippets\SafePoint IRS\SafePoint IRS\bin\Debug\net8.0\SafePoint IRS.dll' because it is being used by another process. The file is locked by: "Microsoft Visual Studio 2022 (24360), IIS Express Worker Process (4732)" [C:\Users\azuce\OneDrive\Documents\Visual Studio 2022\Code Snippets\Visual C#\My Code Snippets\SafePoint IRS\SafePoint IRS\SafePoint IRS.csproj]
C:\Program Files\dotnet\sdk\9.0.308\Microsoft.Common.CurrentVersion.targets(4916,5): warning MSB3026: Could not copy "obj\Debug\net8.0\SafePoint IRS.dll" to "bin\Debug\net8.0\SafePoint IRS.dll". Beginning retry 5 in 1000ms. The process cannot access the file 'C:\Users\azuce\OneDrive\Documents\Visual Studio 2022\Code Snippets\Visual C#\My Code Snippets\SafePoint IRS\SafePoint IRS\bin\Debug\net8.0\SafePoint IRS.dll' because it is being used by another process. The file is locked by: "Microsoft Visual Studio 2022 (24360), IIS Express Worker Process (4732)" [C:\Users\azuce\OneDrive\Documents\Visual Studio 2022\Code Snippets\Visual C#\My Code Snippets\SafePoint IRS\SafePoint IRS\SafePoint IRS.csproj]
C:\Program Files\dotnet\sdk\9.0.308\Microsoft.Common.CurrentVersion.targets(4916,5): warning MSB3026: Could not copy "obj\Debug\net8.0\SafePoint IRS.dll" to "bin\Debug\net8.0\SafePoint IRS.dll". Beginning retry 6 in 1000ms. The process cannot access the file 'C:\Users\azuce\OneDrive\Documents\Visual Studio 2022\Code Snippets\Visual C#\My Code Snippets\SafePoint IRS\SafePoint IRS\bin\Debug\net8.0\SafePoint IRS.dll' because it is being used by another process. The file is locked by: "Microsoft Visual Studio 2022 (24360), IIS Express Worker Process (4732)" [C:\Users\azuce\OneDrive\Documents\Visual Studio 2022\Code Snippets\Visual C#\My Code Snippets\SafePoint IRS\SafePoint IRS\SafePoint IRS.csproj]
C:\Program Files\dotnet\sdk\9.0.308\Microsoft.Common.CurrentVersion.targets(4916,5): warning MSB3026: Could not copy "obj\Debug\net8.0\SafePoint IRS.dll" to "bin\Debug\net8.0\SafePoint IRS.dll". Beginning retry 7 in 1000ms. The process cannot access the file 'C:\Users\azuce\OneDrive\Documents\Visual Studio 2022\Code Snippets\Visual C#\My Code Snippets\SafePoint IRS\SafePoint IRS\bin\Debug\net8.0\SafePoint IRS.dll' because it is being used by another process. The file is locked by: "Microsoft Visual Studio 2022 (24360), IIS Express Worker Process (4732)" [C:\Users\azuce\OneDrive\Documents\Visual Studio 2022\Code Snippets\Visual C#\My Code Snippets\SafePoint IRS\SafePoint IRS\SafePoint IRS.csproj]
C:\Program Files\dotnet\sdk\9.0.308\Microsoft.Common.CurrentVersion.targets(4916,5): warning MSB3026: Could not copy "obj\Debug\net8.0\SafePoint IRS.dll" to "bin\Debug\net8.0\SafePoint IRS.dll". Beginning retry 8 in 1000ms. The process cannot access the file 'C:\Users\azuce\OneDrive\Documents\Visual Studio 2022\Code Snippets\Visual C#\My Code Snippets\SafePoint IRS\SafePoint IRS\bin\Debug\net8.0\SafePoint IRS.dll' because it is being used by another process. The file is locked by: "Microsoft Visual Studio 2022 (24360), IIS Express Worker Process (4732)" [C:\Users\azuce\OneDrive\Documents\Visual Studio 2022\Code Snippets\Visual C#\My Code Snippets\SafePoint IRS\SafePoint IRS\SafePoint IRS.csproj]
C:\Program Files\dotnet\sdk\9.0.308\Microsoft.Common.CurrentVersion.targets(4916,5): warning MSB3026: Could not copy "obj\Debug\net8.0\SafePoint IRS.dll" to "bin\Debug\net8.0\SafePoint IRS.dll". Beginning retry 9 in 1000ms. The process cannot access the file 'C:\Users\azuce\OneDrive\Documents\Visual Studio 2022\Code Snippets\Visual C#\My Code Snippets\SafePoint IRS\SafePoint IRS\bin\Debug\net8.0\SafePoint IRS.dll' because it is being used by another process. The file is locked by: "Microsoft Visual Studio 2022 (24360), IIS Express Worker Process (4732)" [C:\Users\azuce\OneDrive\Documents\Visual Studio 2022\Code Snippets\Visual C#\My Code Snippets\SafePoint IRS\SafePoint IRS\SafePoint IRS.csproj]
C:\Program Files\dotnet\sdk\9.0.308\Microsoft.Common.CurrentVersion.targets(4916,5): warning MSB3026: Could not copy "obj\Debug\net8.0\SafePoint IRS.dll" to "bin\Debug\net8.0\SafePoint IRS.dll". Beginning retry 10 in 1000ms. The process cannot access the file 'C:\Users\azuce\OneDrive\Documents\Visual Studio 2022\Code Snippets\Visual C#\My Code Snippets\SafePoint IRS\SafePoint IRS\bin\Debug\net8.0\SafePoint IRS.dll' because it is being used by another process. The file is locked by: "Microsoft Visual Studio 2022 (24360), IIS Express Worker Process (4732)" [C:\Users\azuce\OneDrive\Documents\Visual Studio 2022\Code Snippets\Visual C#\My Code Snippets\SafePoint IRS\SafePoint IRS\SafePoint IRS.csproj]
C:\Program Files\dotnet\sdk\9.0.308\Microsoft.Common.CurrentVersion.targets(4916,5): error MSB3027: Could not copy "obj\Debug\net8.0\SafePoint IRS.dll" to "bin\Debug\net8.0\SafePoint IRS.dll". Exceeded retry count of 10. Failed. The file is locked by: "Microsoft Visual Studio 2022 (24360), IIS Express Worker Process (4732)" [C:\Users\azuce\OneDrive\Documents\Visual Studio 2022\Code Snippets\Visual C#\My Code Snippets\SafePoint IRS\SafePoint IRS\SafePoint IRS.csproj]
C:\Program Files\dotnet\sdk\9.0.308\Microsoft.Common.CurrentVersion.targets(4916,5): error MSB3021: Unable to copy file "obj\Debug\net8.0\SafePoint IRS.dll" to "bin\Debug\net8.0\SafePoint IRS.dll". The process cannot access the file 'C:\Users\azuce\OneDrive\Documents\Visual Studio 2022\Code Snippets\Visual C#\My Code Snippets\SafePoint IRS\SafePoint IRS\bin\Debug\net8.0\SafePoint IRS.dll' because it is being used by another process. [C:\Users\azuce\OneDrive\Documents\Visual Studio 2022\Code Snippets\Visual C#\My Code Snippets\SafePoint IRS\SafePoint IRS\SafePoint IRS.csproj]
    10 Warning(s)
    2 Error(s)

Time Elapsed 00:00:16.56
